
PRODUCTION ERROR TESTING REPORT
================================

Tests Run: 12
✅ Passed: 2
❌ Failed: 6
⚠️  Warnings: 4

Test Results:
❌ Invalid Profile Data tests - page.click: Timeout 30000ms exceeded.
Call log:
[2m  - waiting for locator('[data-tab="profile"]')[22m

❌ Missing Profile test - page.click: Timeout 30000ms exceeded.
Call log:
[2m  - waiting for locator('[data-tab="capture"]')[22m

⚠️  Large image handling - File input not found - skipping
❌ File type validation - File input not found
✅ Slow network throttle applied - Network throttling enabled
⚠️  Loading indicator on slow network - No loading spinner detected
⚠️  Error handling for no fields - Cannot verify error handler
❌ Navigation Edge Cases test - page.click: Timeout 30000ms exceeded.
Call log:
[2m  - waiting for locator('[data-tab="profile"]')[22m

⚠️  Signature field present - No signature field detected
✅ Mobile viewport - Viewport: 375x812
❌ Mobile Edge Cases test - page.click: Timeout 30000ms exceeded.
Call log:
[2m  - waiting for locator('[data-tab="profile"]')[22m

❌ Storage Edge Cases test - page.click: Timeout 30000ms exceeded.
Call log:
[2m  - waiting for locator('[data-tab="profile"]')[22m


Console Errors: 9
  ❌ Failed to load resource: the server responded with a status of 404 ()
  ❌ Failed to load resource: the server responded with a status of 404 ()
  ❌ Failed to load resource: the server responded with a status of 404 ()
  ❌ Failed to load resource: the server responded with a status of 404 ()
  ❌ Failed to load resource: the server responded with a status of 404 ()
  ❌ Failed to load resource: the server responded with a status of 404 ()
  ❌ Failed to load resource: the server responded with a status of 404 ()
  ❌ Failed to load resource: the server responded with a status of 404 ()
  ❌ Failed to load resource: the server responded with a status of 404 ()

Console Warnings: 0


OVERALL ASSESSMENT:
🔴 POOR
  